I'm sorry, but errors were detected in your script. Please correct the
errors listed below, and try again.


File "game/tl/russia/intro.rpy", line 1392: end of line expected.
    s g34 "Мы должны сосредоточиться на том, чтобы проникнуть в WOOHP, уничтожить охранников и пробить себе путь наверх. Затем мы сможем противостоять тому, кто за этим стоит, и заковать его в наручники!".
                                                                                                                                                                                                            ^

Ren'Py Version: Ren'Py 7.4.8.1895
Sat Oct 16 20:53:47 2021
